node : [baseline-browser-mapping] The data in this module is over two months old.  To ensure accurate Baseline data, 
please update: `npm i baseline-browser-mapping@latest -D`
At line:1 char:1
+ node node_modules/next/dist/bin/next build > build_output.txt 2>&1; G ...
+ ~~~~~~~~~~~~~~~~~~~~~~~~~~~~~~~~~~~~~~~~~~~~~~~~~~~~~~~~~~~~~~~~~~
    + CategoryInfo          : NotSpecified: ([baseline-brows...ping@latest -D`:String) [], RemoteException
    + FullyQualifiedErrorId : NativeCommandError
 
   Γû▓ Next.js 16.0.10 (Turbopack)
   - Environments: .env

 ΓÜá The "middleware" file convention is deprecated. Please use "proxy" instead. Learn more: 
https://nextjs.org/docs/messages/middleware-to-proxy
   Creating an optimized production build ...
[baseline-browser-mapping] The data in this module is over two months old.  To ensure accurate Baseline data, please 
update: `npm i baseline-browser-mapping@latest -D`
 Γ£ô Compiled successfully in 12.4s
   Skipping validation of types
   Collecting page data using 11 workers ...
[baseline-browser-mapping] The data in this module is over two months old.  To ensure accurate Baseline data, please 
update: `npm i baseline-browser-mapping@latest -D`
[baseline-browser-mapping] The data in this module is over two months old.  To ensure accurate Baseline data, please 
update: `npm i baseline-browser-mapping@latest -D`
[baseline-browser-mapping] The data in this module is over two months old.  To ensure accurate Baseline data, please 
update: `npm i baseline-browser-mapping@latest -D`
[baseline-browser-mapping] The data in this module is over two months old.  To ensure accurate Baseline data, please 
update: `npm i baseline-browser-mapping@latest -D`
[baseline-browser-mapping] The data in this module is over two months old.  To ensure accurate Baseline data, please 
update: `npm i baseline-browser-mapping@latest -D`
[baseline-browser-mapping] The data in this module is over two months old.  To ensure accurate Baseline data, please 
update: `npm i baseline-browser-mapping@latest -D`
[baseline-browser-mapping] The data in this module is over two months old.  To ensure accurate Baseline data, please 
update: `npm i baseline-browser-mapping@latest -D`
[baseline-browser-mapping] The data in this module is over two months old.  To ensure accurate Baseline data, please 
update: `npm i baseline-browser-mapping@latest -D`
[baseline-browser-mapping] The data in this module is over two months old.  To ensure accurate Baseline data, please 
update: `npm i baseline-browser-mapping@latest -D`
[baseline-browser-mapping] The data in this module is over two months old.  To ensure accurate Baseline data, please 
update: `npm i baseline-browser-mapping@latest -D`
[baseline-browser-mapping] The data in this module is over two months old.  To ensure accurate Baseline data, please 
update: `npm i baseline-browser-mapping@latest -D`
   Generating static pages using 11 workers (0/54) ...
[baseline-browser-mapping] The data in this module is over two months old.  To ensure accurate Baseline data, please 
update: `npm i baseline-browser-mapping@latest -D`
[baseline-browser-mapping] The data in this module is over two months old.  To ensure accurate Baseline data, please 
update: `npm i baseline-browser-mapping@latest -D`
[baseline-browser-mapping] The data in this module is over two months old.  To ensure accurate Baseline data, please 
update: `npm i baseline-browser-mapping@latest -D`
   Generating static pages using 11 workers (13/54) 
   Generating static pages using 11 workers (26/54) 
   Generating static pages using 11 workers (40/54) 
 Γ£ô Generating static pages using 11 workers (54/54) in 2.6s
   Finalizing page optimization ...

Route (app)
Γöî Γùï /
Γö£ Γùï /_not-found
Γö£ ╞Æ /api/auth/[...nextauth]
Γö£ ╞Æ /api/auth/error
Γö£ ╞Æ /api/daily-targets/template
Γö£ ╞Æ /api/daily-targets/upload
Γö£ ╞Æ /api/form-builder/categories
Γö£ ╞Æ /api/scan-ktp
Γö£ ╞Æ /api/settings/app
Γö£ ╞Æ /api/settings/zains-api-env
Γö£ ╞Æ /api/settings/zains-transaction-sync
Γö£ ╞Æ /api/summary/se
Γö£ ╞Æ /api/summary/se-monthly
Γö£ ╞Æ /api/summary/se-yearly
Γö£ ╞Æ /api/sync-patients-to-zains
Γö£ ╞Æ /api/sync-transactions-to-zains
Γö£ ╞Æ /api/transactions/export
Γö£ ╞Æ /api/transactions/insert
Γö£ ╞Æ /api/upload
Γö£ ╞Æ /api/upload-transactions
Γö£ ╞Æ /api/upload-transactions-batch
Γö£ ╞Æ /api/upload-transactions/template/[clinicId]
Γö£ ╞Æ /api/upload/blob
Γö£ ╞Æ /api/workflow/sync-patient-to-zains
Γö£ ╞Æ /api/workflow/sync-transactions-to-zains
Γö£ Γùï /dashboard
Γö£ Γùï /dashboard/desa
Γö£ ╞Æ /dashboard/desa/[id]
Γö£ ╞Æ /dashboard/desa/[id]/edit
Γö£ Γùï /dashboard/desa/tambah
Γö£ Γùï /dashboard/ekonomi
Γö£ ╞Æ /dashboard/ekonomi/[id]
Γö£ ╞Æ /dashboard/ekonomi/[id]/edit
Γö£ Γùï /dashboard/ekonomi/tambah
Γö£ Γùï /dashboard/intervensi
Γö£ ╞Æ /dashboard/intervensi/[id]
Γö£ Γùï /dashboard/intervensi/tambah
Γö£ ╞Æ /dashboard/kelompok
Γö£ Γùï /dashboard/kesehatan
Γö£ ╞Æ /dashboard/kesehatan/[id]/edit
Γö£ Γùï /dashboard/kesehatan/%5Bid%5D
Γö£ Γùï /dashboard/kesehatan/tambah
Γö£ Γùï /dashboard/keuangan
Γö£ ╞Æ /dashboard/keuangan/[id]
Γö£ ╞Æ /dashboard/keuangan/[id]/edit
Γö£ Γùï /dashboard/keuangan/tambah
Γö£ ╞Æ /dashboard/konfigurasi
Γö£ ╞Æ /dashboard/konfigurasi/form-builder
Γö£ Γùï /dashboard/laporan-kegiatan
Γö£ ╞Æ /dashboard/laporan-kegiatan/[id]
Γö£ ╞Æ /dashboard/laporan-kegiatan/[id]/edit
Γö£ Γùï /dashboard/laporan-kegiatan/tambah
Γö£ Γùï /dashboard/laporan-keuangan-intervensi
Γö£ ╞Æ /dashboard/laporan-keuangan-intervensi/[id]
Γö£ Γùï /dashboard/manajemen-tim
Γö£ ╞Æ /dashboard/manajemen-tim/wilayah/[jenis]/[id]
Γö£ ╞Æ /dashboard/manajemen-tim/wilayah/office/[id]
Γö£ ╞Æ /dashboard/master-program
Γö£ Γùï /dashboard/monitoring
Γö£ Γùï /dashboard/pm
Γö£ ╞Æ /dashboard/pm/[id]
Γö£ ╞Æ /dashboard/pm/[id]/edit
Γö£ Γùï /dashboard/pm/tambah
Γö£ ╞Æ /dashboard/profil
Γö£ ╞Æ /dashboard/settings
Γö£ Γùï /dashboard/struktur-tim
Γö£ Γùï /dashboard/summary-dashboard
Γö£ Γùï /dashboard/summary-se
Γö£ Γùï /dashboard/summary-se-chart
Γöö Γùï /login


╞Æ Proxy (Middleware)

Γùï  (Static)   prerendered as static content
╞Æ  (Dynamic)  server-rendered on demand

